// Jest Snapshot v1, https://goo.gl/fbAQLP

exports[`test category Spinner matches snapshot 1`] = `<DocumentFragment />`;
